--------------------------------------------------------------------------------
Release 14.6 Trace  (nt64)
Copyright (c) 1995-2013 Xilinx, Inc.  All rights reserved.

C:\Xilinx\14.6\ISE_DS\ISE\bin\nt64\unwrapped\trce.exe -intstyle ise -v 3 -s 3
-n 3 -fastpaths -xml fp_converter.twx fp_converter.ncd -o fp_converter.twr
fp_converter.pcf

Design file:              fp_converter.ncd
Physical constraint file: fp_converter.pcf
Device,package,speed:     xc6slx16,csg324,C,-3 (PRODUCTION 1.23 2013-06-08)
Report level:             verbose report

Environment Variable      Effect 
--------------------      ------ 
NONE                      No environment variables were set
--------------------------------------------------------------------------------

INFO:Timing:2698 - No timing constraints found, doing default enumeration.
INFO:Timing:3412 - To improve timing, see the Timing Closure User Guide (UG612).
INFO:Timing:2752 - To get complete path coverage, use the unconstrained paths 
   option. All paths that are not constrained will be reported in the 
   unconstrained paths section(s) of the report.
INFO:Timing:3339 - The clock-to-out numbers in this timing report are based on 
   a 50 Ohm transmission line loading model.  For the details of this model, 
   and for more information on accounting for different loading conditions, 
   please see the device datasheet.



Data Sheet report:
-----------------
All values displayed in nanoseconds (ns)

Pad to Pad
---------------+---------------+---------+
Source Pad     |Destination Pad|  Delay  |
---------------+---------------+---------+
D<0>           |E<0>           |   12.228|
D<0>           |E<1>           |   12.167|
D<0>           |E<2>           |   12.269|
D<0>           |F<0>           |   11.642|
D<0>           |F<1>           |   11.855|
D<0>           |F<2>           |   11.542|
D<0>           |F<3>           |   11.382|
D<1>           |E<0>           |   12.132|
D<1>           |E<1>           |   12.071|
D<1>           |E<2>           |   12.173|
D<1>           |F<0>           |   11.546|
D<1>           |F<1>           |   11.759|
D<1>           |F<2>           |   11.446|
D<1>           |F<3>           |   11.286|
D<2>           |E<0>           |   11.784|
D<2>           |E<1>           |   11.723|
D<2>           |E<2>           |   11.825|
D<2>           |F<0>           |   11.198|
D<2>           |F<1>           |   11.411|
D<2>           |F<2>           |   11.098|
D<2>           |F<3>           |   10.970|
D<3>           |E<0>           |   11.700|
D<3>           |E<1>           |   11.639|
D<3>           |E<2>           |   11.741|
D<3>           |F<0>           |   11.114|
D<3>           |F<1>           |   11.327|
D<3>           |F<2>           |   11.014|
D<3>           |F<3>           |   10.886|
D<4>           |E<0>           |   12.078|
D<4>           |E<1>           |   12.017|
D<4>           |E<2>           |   12.119|
D<4>           |F<0>           |   11.492|
D<4>           |F<1>           |   11.705|
D<4>           |F<2>           |   11.392|
D<4>           |F<3>           |   11.327|
D<5>           |E<0>           |   11.909|
D<5>           |E<1>           |   11.848|
D<5>           |E<2>           |   11.950|
D<5>           |F<0>           |   11.323|
D<5>           |F<1>           |   11.536|
D<5>           |F<2>           |   11.223|
D<5>           |F<3>           |   11.157|
D<6>           |E<0>           |   11.529|
D<6>           |E<1>           |   11.468|
D<6>           |E<2>           |   11.570|
D<6>           |F<0>           |   10.943|
D<6>           |F<1>           |   11.156|
D<6>           |F<2>           |   10.843|
D<6>           |F<3>           |   10.779|
D<7>           |E<0>           |   11.448|
D<7>           |E<1>           |   11.387|
D<7>           |E<2>           |   11.489|
D<7>           |F<0>           |   10.862|
D<7>           |F<1>           |   11.075|
D<7>           |F<2>           |   10.762|
D<7>           |F<3>           |   10.698|
D<8>           |E<0>           |   11.597|
D<8>           |E<1>           |   11.536|
D<8>           |E<2>           |   11.638|
D<8>           |F<0>           |   11.011|
D<8>           |F<1>           |   11.224|
D<8>           |F<2>           |   10.911|
D<8>           |F<3>           |   10.819|
D<9>           |E<0>           |   11.360|
D<9>           |E<1>           |   11.299|
D<9>           |E<2>           |   11.401|
D<9>           |F<0>           |   10.774|
D<9>           |F<1>           |   10.987|
D<9>           |F<2>           |   10.674|
D<9>           |F<3>           |   10.794|
D<10>          |E<0>           |   11.220|
D<10>          |E<1>           |   11.159|
D<10>          |E<2>           |   11.261|
D<10>          |F<0>           |   10.634|
D<10>          |F<1>           |   10.847|
D<10>          |F<2>           |   10.534|
D<10>          |F<3>           |   10.374|
D<11>          |E<0>           |   11.770|
D<11>          |E<1>           |   11.709|
D<11>          |E<2>           |   11.811|
D<11>          |F<0>           |   11.184|
D<11>          |F<1>           |   11.397|
D<11>          |F<2>           |   11.084|
D<11>          |F<3>           |   10.924|
D<11>          |S              |    5.451|
---------------+---------------+---------+


Analysis completed Tue Apr 19 11:00:27 2016 
--------------------------------------------------------------------------------

Trace Settings:
-------------------------
Trace Settings 

Peak Memory Usage: 218 MB



